2025-02-24T13:21:49Z main - Using log level: debug
2025-02-24T13:21:49Z main - Version:               1.1295.3 
2025-02-24T13:21:49Z main - Platform:              darwin arm64
2025-02-24T13:21:49Z main - API:                   https://api.snyk.io
2025-02-24T13:21:49Z main - Region:                snyk-us-01
2025-02-24T13:21:49Z main - Cache:                 /Users/kevinmatthews/Library/Caches/snyk/snyk-cli
2025-02-24T13:21:49Z main - Organization:          f8276bb7-71ce-4a33-90f4-d8bfdf46d5ef
2025-02-24T13:21:49Z main - Insecure HTTPS:        false
2025-02-24T13:21:49Z main - Analytics:             enabled
2025-02-24T13:21:49Z main - Authorization:         5710c75e66123de04d892e50065b5f5d[...]  (type=token)
2025-02-24T13:21:49Z main - Interaction:           a851b7c6-222d-4538-894f-f38a9be271db
2025-02-24T13:21:49Z main - Features:              
2025-02-24T13:21:49Z main -   preview:             disabled
2025-02-24T13:21:49Z main -   fips:                Not available
2025-02-24T13:21:49Z main - Checks:                
2025-02-24T13:21:49Z main -   Configuration:       Possible unexpected behavior, the following configuration values might override each other SNYK_TOKEN, API
2025-02-24T13:21:49Z main - Running code test
2025-02-24T13:21:49Z code.test:1 - Workflow Start
2025-02-24T13:21:49Z main - > request [0x14000d61680]: GET https://api.snyk.io/v1/cli-config/settings/sast?org=f8276bb7-71ce-4a33-90f4-d8bfdf46d5ef
2025-02-24T13:21:49Z main - > request [0x14000d61680]: header: map[Authorization:[token ***] Session-Token:[token ***] Snyk-Interaction-Id:[urn:snyk:interaction:a851b7c6-222d-4538-894f-f38a9be271db] Snyk-Request-Id:[fd17a93b-7b85-4ed4-987e-edcf6611e6e0] User-Agent:[snyk-cli/1.1295.3 (darwin;arm64)] X-Snyk-Cli-Version:[1.1295.3]]
2025-02-24T13:21:49Z main - < response [0x14000d61680]: 200 OK
2025-02-24T13:21:49Z main - < response [0x14000d61680]: header: map[Akamai-Cache-Status:[Miss from child, Miss from parent] Akamai-Grn:[0.1fc2645f.1740403309.aa7341f] Content-Length:[546] Content-Security-Policy:[base-uri https://app.snyk.io; script-src 'self' 'nonce-6/11EGbuyntyGFgIX8gArA==' 'unsafe-inline' 'unsafe-eval' 'strict-dynamic' 'report-sample'; img-src https: data:; object-src 'none'; frame-ancestors https://app.snyk.io https://learn.snyk.io https://login.snyk.io https://security.snyk.io; report-to csp-report-group; report-uri https://web-reports.snyk.io/csp?version=1d63bd64bb1b0405518d915b93d18f0876c7169f;] Content-Type:[application/json; charset=utf-8] Date:[Mon, 24 Feb 2025 13:21:49 GMT] Report-To:[{"group":"csp-report-group","max_age":1800,"endpoints":[{"url":"https://web-reports.snyk.io/csp?version=1d63bd64bb1b0405518d915b93d18f0876c7169f"}],"include_subdomains":true}] Snyk-Request-Id:[fd17a93b-7b85-4ed4-987e-edcf6611e6e0] Strict-Transport-Security:[max-age=31536000; preload] Vary:[Accept-Encoding] X-Content-Type-Options:[nosniff] X-Frame-Options:[SAMEORIGIN]]
2025-02-24T13:21:49Z main - > request [0x14000e16f00]: GET https://api.snyk.io/v1/cli-config/feature-flags/snykCodeConsistentIgnores?org=f8276bb7-71ce-4a33-90f4-d8bfdf46d5ef
2025-02-24T13:21:49Z main - > request [0x14000e16f00]: header: map[Authorization:[token ***] Session-Token:[token ***] Snyk-Interaction-Id:[urn:snyk:interaction:a851b7c6-222d-4538-894f-f38a9be271db] Snyk-Request-Id:[1d16cb83-da38-43fd-a438-83277c82afa9] User-Agent:[snyk-cli/1.1295.3 (darwin;arm64)] X-Snyk-Cli-Version:[1.1295.3]]
2025-02-24T13:21:49Z main - < response [0x14000e16f00]: 200 OK
2025-02-24T13:21:49Z main - < response [0x14000e16f00]: header: map[Akamai-Cache-Status:[Miss from child, Miss from parent] Akamai-Grn:[0.1fc2645f.1740403309.aa7342d] Content-Length:[11] Content-Security-Policy:[base-uri https://app.snyk.io; script-src 'self' 'nonce-7ge3Y5mUdsOEGQ4epG3bdA==' 'unsafe-inline' 'unsafe-eval' 'strict-dynamic' 'report-sample'; img-src https: data:; object-src 'none'; frame-ancestors https://app.snyk.io https://learn.snyk.io https://login.snyk.io https://security.snyk.io; report-to csp-report-group; report-uri https://web-reports.snyk.io/csp?version=1d63bd64bb1b0405518d915b93d18f0876c7169f;] Content-Type:[application/json; charset=utf-8] Date:[Mon, 24 Feb 2025 13:21:49 GMT] Report-To:[{"group":"csp-report-group","max_age":1800,"endpoints":[{"url":"https://web-reports.snyk.io/csp?version=1d63bd64bb1b0405518d915b93d18f0876c7169f"}],"include_subdomains":true}] Snyk-Request-Id:[1d16cb83-da38-43fd-a438-83277c82afa9] Strict-Transport-Security:[max-age=31536000; preload] Vary:[Accept-Encoding] X-Content-Type-Options:[nosniff] X-Frame-Options:[SAMEORIGIN]]
2025-02-24T13:21:49Z code.test:1 - SAST Enabled:       true
2025-02-24T13:21:49Z code.test:1 - Consistent Ignores: true
2025-02-24T13:21:49Z code.test:1 - Report enabled:     false
2025-02-24T13:21:49Z code.test:1 - Implementation: Native
2025-02-24T13:21:49Z code.test:1 - Path: /Users/kevinmatthews/git-projects/WebGoat
2025-02-24T13:21:49Z code.test:1 - Interaction ID: bd08097c-b1ff-4efc-05a3-1e586c23dbc0
2025-02-24T13:21:49Z code.test:1 - API: Getting file extension filters method=deepcode.GetFilters
2025-02-24T13:21:49Z main - > request [0x14000f5d400]: GET https://deeproxy.snyk.io/filters
2025-02-24T13:21:49Z main - > request [0x14000f5d400]: header: map[Authorization:[token ***] Cache-Control:[private, max-age=0, no-cache] Content-Type:[application/json] Session-Token:[token ***] Snyk-Interaction-Id:[urn:snyk:interaction:a851b7c6-222d-4538-894f-f38a9be271db] Snyk-Org-Name:[f8276bb7-71ce-4a33-90f4-d8bfdf46d5ef] Snyk-Request-Id:[a790b9f8-9445-4245-96f1-2f346974de52] User-Agent:[snyk-cli/1.1295.3 (darwin;arm64)] X-Snyk-Cli-Version:[1.1295.3]]
2025-02-24T13:21:49Z main - < response [0x14000f5d400]: 200 OK
2025-02-24T13:21:49Z main - < response [0x14000f5d400]: header: map[Cache-Control:[public, max-age=3531] Connection:[keep-alive] Content-Type:[application/json; charset=utf-8] Date:[Mon, 24 Feb 2025 13:21:49 GMT] Etag:[W/"27ed-57Bn1crCyCdybf+Ze0X1iYcxpk4"] Snyk-Request-Id:[f11d57d9-6c33-48d4-8a4d-7bdb9f15bd55] Strict-Transport-Security:[max-age=31536000; includeSubDomains max-age=31536000; preload] Vary:[Accept-Encoding] X-Content-Type-Options:[nosniff nosniff] X-Dns-Prefetch-Control:[off] X-Download-Options:[noopen] X-Frame-Options:[SAMEORIGIN SAMEORIGIN] X-Permitted-Cross-Domain-Policies:[none] X-Xss-Protection:[0]]
2025-02-24T13:21:49Z code.test:1 - API: Finished getting filters method=deepcode.GetFilters
2025-02-24T13:21:49Z code.test:1 - API: Creating bundle for 526 files method=deepcode.CreateBundle
2025-02-24T13:21:50Z main - > request [0x140005dba40]: POST https://deeproxy.snyk.io/bundle
2025-02-24T13:21:50Z main - > request [0x140005dba40]: header: map[Authorization:[token ***] Cache-Control:[private, max-age=0, no-cache] Content-Encoding:[gzip] Content-Type:[application/octet-stream] Session-Token:[token ***] Snyk-Interaction-Id:[urn:snyk:interaction:a851b7c6-222d-4538-894f-f38a9be271db] Snyk-Org-Name:[f8276bb7-71ce-4a33-90f4-d8bfdf46d5ef] Snyk-Request-Id:[7f50ca94-c851-4fc0-b95c-18379d7ad1b4] User-Agent:[snyk-cli/1.1295.3 (darwin;arm64)] X-Snyk-Cli-Version:[1.1295.3]]
2025-02-24T13:21:50Z main - < response [0x140005dba40]: 200 OK
2025-02-24T13:21:50Z main - < response [0x140005dba40]: header: map[Connection:[keep-alive] Content-Length:[99] Content-Security-Policy:[default-src 'self';base-uri 'self';font-src 'self' https: data:;form-action 'self';frame-ancestors 'self';img-src 'self' data:;object-src 'none';script-src 'self';script-src-attr 'none';style-src 'self' https: 'unsafe-inline';upgrade-insecure-requests] Content-Type:[application/json; charset=utf-8] Cross-Origin-Embedder-Policy:[require-corp] Cross-Origin-Opener-Policy:[same-origin] Cross-Origin-Resource-Policy:[same-origin] Date:[Mon, 24 Feb 2025 13:21:50 GMT] Etag:[W/"63-rH04lgBhoiPSM+hBfge4MekW8K4"] Origin-Agent-Cluster:[?1] Referrer-Policy:[no-referrer] Snyk-Request-Id:[7f50ca94-c851-4fc0-b95c-18379d7ad1b4] Strict-Transport-Security:[max-age=15552000; includeSubDomains max-age=31536000; preload] X-Content-Type-Options:[nosniff nosniff] X-Dns-Prefetch-Control:[off] X-Download-Options:[noopen] X-Frame-Options:[SAMEORIGIN SAMEORIGIN] X-Permitted-Cross-Domain-Policies:[none] X-Xss-Protection:[0]]
2025-02-24T13:21:50Z code.test:1 - API: Create done method=deepcode.CreateBundle
2025-02-24T13:21:50Z main - > request [0x14000a212c0]: POST https://api.snyk.io/hidden/orgs/f8276bb7-71ce-4a33-90f4-d8bfdf46d5ef/tests?version=2024-12-21
2025-02-24T13:21:50Z main - > request [0x14000a212c0]: header: map[Authorization:[token ***] Content-Type:[application/vnd.api+json] Session-Token:[token ***] Snyk-Interaction-Id:[urn:snyk:interaction:a851b7c6-222d-4538-894f-f38a9be271db] Snyk-Request-Id:[e1e90eed-9cf5-49f7-ac01-9923886c6fc8] User-Agent:[snyk-cli/1.1295.3 (darwin;arm64)] X-Snyk-Cli-Version:[1.1295.3]]
2025-02-24T13:21:50Z main - < response [0x14000a212c0]: 201 Created
2025-02-24T13:21:50Z main - < response [0x14000a212c0]: header: map[Akamai-Cache-Status:[Miss from child, Miss from parent] Akamai-Grn:[0.1fc2645f.1740403310.aa7345f] Content-Length:[209] Content-Type:[application/vnd.api+json] Date:[Mon, 24 Feb 2025 13:21:50 GMT] Server:[envoy] Snyk-Request-Id:[e1e90eed-9cf5-49f7-ac01-9923886c6fc8] Snyk-Version-Lifecycle-Stage:[beta] Snyk-Version-Requested:[2024-12-21] Snyk-Version-Served:[2024-12-21~beta] Strict-Transport-Security:[max-age=31536000; preload] X-Content-Type-Options:[nosniff] X-Envoy-Upstream-Service-Time:[4] X-Frame-Options:[SAMEORIGIN]]
2025-02-24T13:21:51Z code.test:1 - retrieving Test URL method=analysis.retrieveTestURL
2025-02-24T13:21:51Z main - > request [0x14000885400]: GET https://api.snyk.io/hidden/orgs/f8276bb7-71ce-4a33-90f4-d8bfdf46d5ef/tests/feafe994-2f11-4789-a05c-e83ae1e57161?version=2024-12-21
2025-02-24T13:21:51Z main - > request [0x14000885400]: header: map[Authorization:[token ***] Session-Token:[token ***] Snyk-Interaction-Id:[urn:snyk:interaction:a851b7c6-222d-4538-894f-f38a9be271db] Snyk-Request-Id:[b2e3690c-f896-4ba2-889d-fee8655c3422] User-Agent:[snyk-cli/1.1295.3 (darwin;arm64)] X-Snyk-Cli-Version:[1.1295.3]]
2025-02-24T13:21:51Z main - < response [0x14000885400]: 200 OK
2025-02-24T13:21:51Z main - < response [0x14000885400]: header: map[Akamai-Cache-Status:[Miss from child, Miss from parent] Akamai-Grn:[0.1fc2645f.1740403311.aa734c3] Content-Type:[application/vnd.api+json] Date:[Mon, 24 Feb 2025 13:21:51 GMT] Server:[envoy] Snyk-Request-Id:[b2e3690c-f896-4ba2-889d-fee8655c3422] Snyk-Version-Lifecycle-Stage:[beta] Snyk-Version-Requested:[2024-12-21] Snyk-Version-Served:[2024-12-21~beta] Strict-Transport-Security:[max-age=31536000; preload] Vary:[Accept-Encoding] X-Content-Type-Options:[nosniff] X-Envoy-Upstream-Service-Time:[8] X-Frame-Options:[SAMEORIGIN]]
2025-02-24T13:21:51Z code.test:1 - failed to close response body
2025-02-24T13:21:52Z code.test:1 - retrieving Test URL method=analysis.retrieveTestURL
2025-02-24T13:21:52Z main - > request [0x14000a20780]: GET https://api.snyk.io/hidden/orgs/f8276bb7-71ce-4a33-90f4-d8bfdf46d5ef/tests/feafe994-2f11-4789-a05c-e83ae1e57161?version=2024-12-21
2025-02-24T13:21:52Z main - > request [0x14000a20780]: header: map[Authorization:[token ***] Session-Token:[token ***] Snyk-Interaction-Id:[urn:snyk:interaction:a851b7c6-222d-4538-894f-f38a9be271db] Snyk-Request-Id:[d81b3814-0795-4ccc-a7c2-7d22715e18fc] User-Agent:[snyk-cli/1.1295.3 (darwin;arm64)] X-Snyk-Cli-Version:[1.1295.3]]
2025-02-24T13:21:52Z main - < response [0x14000a20780]: 200 OK
2025-02-24T13:21:52Z main - < response [0x14000a20780]: header: map[Akamai-Cache-Status:[Miss from child, Miss from parent] Akamai-Grn:[0.1fc2645f.1740403312.aa734f1] Content-Type:[application/vnd.api+json] Date:[Mon, 24 Feb 2025 13:21:52 GMT] Server:[envoy] Snyk-Request-Id:[d81b3814-0795-4ccc-a7c2-7d22715e18fc] Snyk-Version-Lifecycle-Stage:[beta] Snyk-Version-Requested:[2024-12-21] Snyk-Version-Served:[2024-12-21~beta] Strict-Transport-Security:[max-age=31536000; preload] Vary:[Accept-Encoding] X-Content-Type-Options:[nosniff] X-Envoy-Upstream-Service-Time:[10] X-Frame-Options:[SAMEORIGIN]]
2025-02-24T13:21:52Z code.test:1 - failed to close response body
2025-02-24T13:21:53Z code.test:1 - retrieving Test URL method=analysis.retrieveTestURL
2025-02-24T13:21:53Z main - > request [0x140001a8dc0]: GET https://api.snyk.io/hidden/orgs/f8276bb7-71ce-4a33-90f4-d8bfdf46d5ef/tests/feafe994-2f11-4789-a05c-e83ae1e57161?version=2024-12-21
2025-02-24T13:21:53Z main - > request [0x140001a8dc0]: header: map[Authorization:[token ***] Session-Token:[token ***] Snyk-Interaction-Id:[urn:snyk:interaction:a851b7c6-222d-4538-894f-f38a9be271db] Snyk-Request-Id:[b6297eae-0b77-4206-b671-3e05f9b1783d] User-Agent:[snyk-cli/1.1295.3 (darwin;arm64)] X-Snyk-Cli-Version:[1.1295.3]]
2025-02-24T13:21:53Z main - < response [0x140001a8dc0]: 200 OK
2025-02-24T13:21:53Z main - < response [0x140001a8dc0]: header: map[Akamai-Cache-Status:[Miss from child, Miss from parent] Akamai-Grn:[0.1fc2645f.1740403313.aa7353a] Content-Type:[application/vnd.api+json] Date:[Mon, 24 Feb 2025 13:21:53 GMT] Server:[envoy] Snyk-Request-Id:[b6297eae-0b77-4206-b671-3e05f9b1783d] Snyk-Version-Lifecycle-Stage:[beta] Snyk-Version-Requested:[2024-12-21] Snyk-Version-Served:[2024-12-21~beta] Strict-Transport-Security:[max-age=31536000; preload] Vary:[Accept-Encoding] X-Content-Type-Options:[nosniff] X-Envoy-Upstream-Service-Time:[11] X-Frame-Options:[SAMEORIGIN]]
2025-02-24T13:21:53Z code.test:1 - failed to close response body
2025-02-24T13:21:54Z code.test:1 - retrieving Test URL method=analysis.retrieveTestURL
2025-02-24T13:21:54Z main - > request [0x1400047edc0]: GET https://api.snyk.io/hidden/orgs/f8276bb7-71ce-4a33-90f4-d8bfdf46d5ef/tests/feafe994-2f11-4789-a05c-e83ae1e57161?version=2024-12-21
2025-02-24T13:21:54Z main - > request [0x1400047edc0]: header: map[Authorization:[token ***] Session-Token:[token ***] Snyk-Interaction-Id:[urn:snyk:interaction:a851b7c6-222d-4538-894f-f38a9be271db] Snyk-Request-Id:[4cc15f6e-25e1-4609-8293-1b8525c87276] User-Agent:[snyk-cli/1.1295.3 (darwin;arm64)] X-Snyk-Cli-Version:[1.1295.3]]
2025-02-24T13:21:54Z main - < response [0x1400047edc0]: 200 OK
2025-02-24T13:21:54Z main - < response [0x1400047edc0]: header: map[Akamai-Cache-Status:[Miss from child, Miss from parent] Akamai-Grn:[0.1fc2645f.1740403314.aa7356c] Content-Type:[application/vnd.api+json] Date:[Mon, 24 Feb 2025 13:21:54 GMT] Server:[envoy] Snyk-Request-Id:[4cc15f6e-25e1-4609-8293-1b8525c87276] Snyk-Version-Lifecycle-Stage:[beta] Snyk-Version-Requested:[2024-12-21] Snyk-Version-Served:[2024-12-21~beta] Strict-Transport-Security:[max-age=31536000; preload] Vary:[Accept-Encoding] X-Content-Type-Options:[nosniff] X-Envoy-Upstream-Service-Time:[8] X-Frame-Options:[SAMEORIGIN]]
2025-02-24T13:21:54Z code.test:1 - failed to close response body
2025-02-24T13:21:54Z code.test:1 - retrieving findings from URL for scan job method=analysis.retrieveFindings scanJobId=feafe994-2f11-4789-a05c-e83ae1e57161
2025-02-24T13:21:54Z main - > request [0x140006dd400]: GET https://api.snyk.io/hidden/orgs/f8276bb7-71ce-4a33-90f4-d8bfdf46d5ef/tests/feafe994-2f11-4789-a05c-e83ae1e57161/documents/enriched-findings/blob?version=2024-10-15~experimental
2025-02-24T13:21:54Z main - > request [0x140006dd400]: header: map[Authorization:[token ***] Session-Token:[token ***] Snyk-Interaction-Id:[urn:snyk:interaction:a851b7c6-222d-4538-894f-f38a9be271db] Snyk-Request-Id:[6a49d1fe-9108-455d-8429-e8d48300b46b] User-Agent:[snyk-cli/1.1295.3 (darwin;arm64)] X-Snyk-Cli-Version:[1.1295.3]]
2025-02-24T13:21:54Z main - < response [0x140006dd400]: 302 Found
2025-02-24T13:21:54Z main - < response [0x140006dd400]: header: map[Akamai-Cache-Status:[Miss from child, Miss from parent] Akamai-Grn:[0.1fc2645f.1740403314.aa73575] Content-Length:[3] Content-Type:[application/vnd.api+json] Date:[Mon, 24 Feb 2025 13:21:54 GMT] Deprecation:[2024-12-21] Location:[https://storage.googleapis.com/test-documents-polaris-prod-mt-gcp-1/tests/feafe994-2f11-4789-a05c-e83ae1e57161/v1/enriched-findings?Expires=1740403344&GoogleAccessId=test-service%40polaris-prod-mt-gcp-1.iam.gserviceaccount.com&Signature=IwaA2zdElgGqJ3eIgWgSoPOtcldBEc3q0VxUwmpr8AhsBiNnx7RJ4guLwbWMIyZOvt3ANMdbX7ksEBVzt2FlnUSugdd6yfz8xUfUswEi5zTPQeMW7jdLa5tyM4uh8AxdRZA39bzGLXL0D3yndUtzO7yB9ubwC%2B%2BURat%2FTj5spmQMmKcFQfBuB9GFxfBxL0nDGBF8zAjE2jamFzThfDM25GFvait3ti8cswRogW5kpstFiFh3MJJ9vY5td%2BsC3hyfiBAQF9HcymV68GrQfIUbjStByqO1yjnqtdoDGQNsjCMVoiC8Pf%2Fc0B036daaezkA5umJTNS94aV8y9BHGkCf%2FQ%3D%3D] Server:[envoy] Snyk-Request-Id:[6a49d1fe-9108-455d-8429-e8d48300b46b] Snyk-Version-Lifecycle-Stage:[beta] Snyk-Version-Requested:[2024-10-15~experimental] Snyk-Version-Served:[2024-10-15~beta] Strict-Transport-Security:[max-age=31536000; preload] Sunset:[2024-11-14] X-Content-Type-Options:[nosniff] X-Envoy-Upstream-Service-Time:[33] X-Frame-Options:[SAMEORIGIN]]
2025-02-24T13:21:55Z main - > request [0x14000d95400]: GET https://storage.googleapis.com/test-documents-polaris-prod-mt-gcp-1/tests/feafe994-2f11-4789-a05c-e83ae1e57161/v1/enriched-findings?Expires=1740403344&GoogleAccessId=test-service%40polaris-prod-mt-gcp-1.iam.gserviceaccount.com&Signature=IwaA2zdElgGqJ3eIgWgSoPOtcldBEc3q0VxUwmpr8AhsBiNnx7RJ4guLwbWMIyZOvt3ANMdbX7ksEBVzt2FlnUSugdd6yfz8xUfUswEi5zTPQeMW7jdLa5tyM4uh8AxdRZA39bzGLXL0D3yndUtzO7yB9ubwC%2B%2BURat%2FTj5spmQMmKcFQfBuB9GFxfBxL0nDGBF8zAjE2jamFzThfDM25GFvait3ti8cswRogW5kpstFiFh3MJJ9vY5td%2BsC3hyfiBAQF9HcymV68GrQfIUbjStByqO1yjnqtdoDGQNsjCMVoiC8Pf%2Fc0B036daaezkA5umJTNS94aV8y9BHGkCf%2FQ%3D%3D
2025-02-24T13:21:55Z main - > request [0x14000d95400]: header: map[Referer:[https://api.snyk.io/hidden/orgs/f8276bb7-71ce-4a33-90f4-d8bfdf46d5ef/tests/feafe994-2f11-4789-a05c-e83ae1e57161/documents/enriched-findings/blob?version=2024-10-15~experimental] Snyk-Interaction-Id:[urn:snyk:interaction:a851b7c6-222d-4538-894f-f38a9be271db] Snyk-Request-Id:[6a49d1fe-9108-455d-8429-e8d48300b46b] User-Agent:[snyk-cli/1.1295.3 (darwin;arm64)] X-Snyk-Cli-Version:[1.1295.3]]
2025-02-24T13:21:55Z main - < response [0x14000d95400]: 200 OK
2025-02-24T13:21:55Z main - < response [0x14000d95400]: header: map[Accept-Ranges:[bytes] Alt-Svc:[h3=":443"; ma=2592000,h3-29=":443"; ma=2592000] Cache-Control:[private, max-age=0] Content-Length:[618981] Content-Type:[application/octet-stream] Date:[Mon, 24 Feb 2025 13:21:55 GMT] Etag:["c6792101eaabf0560982ace48f1977ca"] Expires:[Mon, 24 Feb 2025 13:21:55 GMT] Last-Modified:[Mon, 24 Feb 2025 13:21:53 GMT] Server:[UploadServer] X-Goog-Generation:[1740403313936177] X-Goog-Hash:[crc32c=0i9muw== md5=xnkhAeqr8FYJgqzkjxl3yg==] X-Goog-Metageneration:[1] X-Goog-Storage-Class:[STANDARD] X-Goog-Stored-Content-Encoding:[identity] X-Goog-Stored-Content-Length:[618981] X-Guploader-Uploadid:[AHMx-iGYbCrQpQnAkSUONkl9A4v5R76NZeh5hqeOjhLinQkYhN-Os6_Umefvqp24tXkGodI2]]
2025-02-24T13:21:55Z code.test:1 - failed to close response body
2025-02-24T13:21:55Z code.test:1 - Workflow End
2025-02-24T13:21:55Z datatransformation:2 - Workflow Start
2025-02-24T13:21:55Z datatransformation:2 - Workflow End
2025-02-24T13:21:55Z findings.filter:3 - Workflow Start
2025-02-24T13:21:55Z findings.filter:3 - Severity threshold not set, skipping filter

2025-02-24T13:21:55Z findings.filter:3 - Workflow End
2025-02-24T13:21:55Z output:4 - Workflow Start
2025-02-24T13:21:55Z output:4 - [did://datatransformation/datatransformation#777974000] Handling findings model
2025-02-24T13:21:55Z output:4 - Thread count: 10
2025-02-24T13:21:55Z output:4 - [default] Creating findings model renderer
2025-02-24T13:21:55Z output:4 - [default] Rendering text/cli with [templates/local_finding.tmpl templates/finding.component.tmpl]

Testing /Users/kevinmatthews/git-projects/WebGoat ...

Open Issues

 ✗ [LOW] Use of Hardcoded Credentials
   Path: src/test/java/org/owasp/webgoat/lessons/jwt/JWTSecretKeyEndpointTest.java, line 69
   Info: Do not hardcode credentials in code.

 ✗ [LOW] Unsafe JQuery Plugin
   Path: src/main/resources/webgoat/static/js/jquery_form/jquery.form.js, line 376
   Info: Unsanitized input to JQuery plugin from options flows into $, where it may be evaluated as HTML. If the input is intended to be used as a selector, then a JQuery method that only accepts selectors should be used. If the input is intended to be used as HTML, the developer needs to ensure that it's well documented that the user is responsible for sanitizing the input.

 ✗ [LOW] Unsafe JQuery Plugin
   Path: src/main/resources/webgoat/static/js/libs/jquery.form.js, line 376
   Info: Unsanitized input to JQuery plugin from options flows into $, where it may be evaluated as HTML. If the input is intended to be used as a selector, then a JQuery method that only accepts selectors should be used. If the input is intended to be used as HTML, the developer needs to ensure that it's well documented that the user is responsible for sanitizing the input.

 ✗ [LOW] Unsafe JQuery Plugin
   Path: src/main/resources/webgoat/static/js/libs/jquery-ui-1.10.4.js, line 12144
   Info: Unsanitized input to JQuery plugin from options flows into $, where it may be evaluated as HTML. If the input is intended to be used as a selector, then a JQuery method that only accepts selectors should be used. If the input is intended to be used as HTML, the developer needs to ensure that it's well documented that the user is responsible for sanitizing the input.

 ✗ [LOW] Sensitive Cookie in HTTPS Session Without 'Secure' Attribute
   Path: src/main/java/org/owasp/webgoat/lessons/spoofcookie/SpoofCookieAssignment.java, line 83
   Info: Cookie misses a call to setSecure. Set the Secure flag to true to protect the cookie from man-in-the-middle attacks.

 ✗ [LOW] Sensitive Cookie in HTTPS Session Without 'Secure' Attribute
   Path: src/main/java/org/owasp/webgoat/lessons/jwt/JWTVotesEndpoint.java, line 137
   Info: Cookie misses a call to setSecure. Set the Secure flag to true to protect the cookie from man-in-the-middle attacks.

 ✗ [LOW] Sensitive Cookie in HTTPS Session Without 'Secure' Attribute
   Path: src/main/java/org/owasp/webgoat/lessons/jwt/JWTVotesEndpoint.java, line 132
   Info: Cookie misses a call to setSecure. Set the Secure flag to true to protect the cookie from man-in-the-middle attacks.

 ✗ [LOW] Use of Hardcoded Credentials
   Path: src/it/java/org/owasp/webgoat/GeneralLessonIntegrationTest.java, line 129
   Info: Do not hardcode passwords in code. Found hardcoded password used in here.

 ✗ [LOW] Use of Hardcoded Credentials
   Path: src/it/java/org/owasp/webgoat/GeneralLessonIntegrationTest.java, line 119
   Info: Do not hardcode passwords in code. Found hardcoded password used in here.

 ✗ [LOW] Use of Hardcoded Credentials
   Path: src/test/java/org/owasp/webgoat/lessons/spoofcookie/SpoofCookieAssignmentTest.java, line 77
   Info: Do not hardcode passwords in code. Found hardcoded password used in here.

 ✗ [LOW] Use of Hardcoded Credentials
   Path: src/test/java/org/owasp/webgoat/container/users/UserValidatorTest.java, line 50
   Info: Do not hardcode passwords in code. Found hardcoded password used in here.

 ✗ [LOW] Use of Hardcoded Credentials
   Path: src/test/java/org/owasp/webgoat/container/users/UserValidatorTest.java, line 37
   Info: Do not hardcode passwords in code. Found hardcoded password used in here.

 ✗ [LOW] Use of Hardcoded Credentials
   Path: src/test/java/org/owasp/webgoat/container/users/UserValidatorTest.java, line 25
   Info: Do not hardcode passwords in code. Found hardcoded password used in here.

 ✗ [LOW] Hardcoded Secret
   Path: src/test/java/org/owasp/webgoat/lessons/jwt/claimmisuse/JWTHeaderKIDEndpointTest.java, line 35
   Info: Hardcoded value string is used as a cipher key. Generate the value with a cryptographically strong random number generator such as java.security.SecureRandom instead.

 ✗ [LOW] Hardcoded Secret
   Path: src/test/java/org/owasp/webgoat/lessons/jwt/JWTSecretKeyEndpointTest.java, line 121
   Info: Hardcoded value string is used as a cipher key. Generate the value with a cryptographically strong random number generator such as java.security.SecureRandom instead.

 ✗ [LOW] Hardcoded Secret
   Path: src/it/java/org/owasp/webgoat/JWTLessonIntegrationTest.java, line 221
   Info: Hardcoded value string is used as a cipher key. Generate the value with a cryptographically strong random number generator such as java.security.SecureRandom instead.

 ✗ [LOW] Hardcoded Secret
   Path: src/test/java/org/owasp/webgoat/lessons/jwt/TokenTest.java, line 76
   Info: Hardcoded value string is used as a cipher key. Generate the value with a cryptographically strong random number generator such as java.security.SecureRandom instead.

 ✗ [LOW] Hardcoded Secret
   Path: src/test/java/org/owasp/webgoat/lessons/jwt/TokenTest.java, line 55
   Info: Hardcoded value string is used as a cipher key. Generate the value with a cryptographically strong random number generator such as java.security.SecureRandom instead.

 ✗ [LOW] Hardcoded Secret
   Path: src/test/java/org/owasp/webgoat/lessons/jwt/TokenTest.java, line 48
   Info: Hardcoded value string is used as a cipher key. Generate the value with a cryptographically strong random number generator such as java.security.SecureRandom instead.

 ✗ [LOW] Sensitive Cookie Without 'HttpOnly' Flag
   Path: src/main/java/org/owasp/webgoat/lessons/hijacksession/HijackSessionAssignment.java, line 91
   Info: Cookie misses a call to setHttpOnly. Set the HttpOnly flag to true to protect the cookie from possible malicious code on client side.

 ✗ [LOW] Sensitive Cookie Without 'HttpOnly' Flag
   Path: src/main/java/org/owasp/webgoat/lessons/spoofcookie/SpoofCookieAssignment.java, line 99
   Info: Cookie misses a call to setHttpOnly. Set the HttpOnly flag to true to protect the cookie from possible malicious code on client side.

 ✗ [LOW] Sensitive Cookie Without 'HttpOnly' Flag
   Path: src/main/java/org/owasp/webgoat/lessons/spoofcookie/SpoofCookieAssignment.java, line 83
   Info: Cookie misses a call to setHttpOnly. Set the HttpOnly flag to true to protect the cookie from possible malicious code on client side.

 ✗ [LOW] Sensitive Cookie Without 'HttpOnly' Flag
   Path: src/main/java/org/owasp/webgoat/lessons/jwt/JWTVotesEndpoint.java, line 137
   Info: Cookie misses a call to setHttpOnly. Set the HttpOnly flag to true to protect the cookie from possible malicious code on client side.

 ✗ [LOW] Sensitive Cookie Without 'HttpOnly' Flag
   Path: src/main/java/org/owasp/webgoat/lessons/jwt/JWTVotesEndpoint.java, line 132
   Info: Cookie misses a call to setHttpOnly. Set the HttpOnly flag to true to protect the cookie from possible malicious code on client side.

 ✗ [LOW] Path Traversal
   Path: src/it/java/org/owasp/webgoat/CSRFIntegrationTest.java, line 97
   Info: Unsanitized input from cookies flows into java.nio.file.Files.delete, where it is used as a path. This may result in a Path Traversal vulnerability and allow an attacker to delete arbitrary files.

 ✗ [LOW] Path Traversal
   Path: src/it/java/org/owasp/webgoat/CSRFIntegrationTest.java, line 96
   Info: Unsanitized input from cookies flows into exists, where it is used as a path. This may result in a Path Traversal vulnerability and allow an attacker to bypass the logic of the application in the conditional expression.

 ✗ [LOW] Use of Password Hash With Insufficient Computational Effort
   Path: src/main/java/org/owasp/webgoat/lessons/cryptography/HashingAssignment.java, line 57
   Info: The MD5 hash (used in java.security.MessageDigest.getInstance) is insecure. Consider changing it to a secure hash algorithm

 ✗ [LOW] Use of Hardcoded Credentials
   Path: src/it/java/org/owasp/webgoat/ChallengeIntegrationTest.java, line 34
   Info: Do not hardcode credentials in code.

 ✗ [LOW] Use of Hardcoded Credentials
   Path: src/test/java/org/owasp/webgoat/webwolf/user/UserServiceTest.java, line 71
   Info: Do not hardcode credentials in code.

 ✗ [LOW] Use of Hardcoded Credentials
   Path: src/test/java/org/owasp/webgoat/webwolf/user/UserServiceTest.java, line 61
   Info: Do not hardcode credentials in code.

 ✗ [LOW] Use of Hardcoded Credentials
   Path: src/test/java/org/owasp/webgoat/webwolf/user/UserServiceTest.java, line 48
   Info: Do not hardcode credentials in code.

 ✗ [LOW] Use of Hardcoded Credentials
   Path: src/it/java/org/owasp/webgoat/GeneralLessonIntegrationTest.java, line 118
   Info: Do not hardcode credentials in code.

 ✗ [LOW] JWT Signature Verification Bypass
   Path: src/test/java/org/owasp/webgoat/lessons/jwt/TokenTest.java, line 55
   Info: The parse method does not validate the JWT signature. Consider using 'parseClaimsJws', 'parsePlaintextJws' instead.

 ✗ [LOW] JWT Signature Verification Bypass
   Path: src/test/java/org/owasp/webgoat/lessons/jwt/TokenTest.java, line 57
   Info: The parse method does not validate the JWT signature. Consider using 'parseClaimsJws', 'parsePlaintextJws' instead.

 ✗ [LOW] JWT Signature Verification Bypass
   Path: src/it/java/org/owasp/webgoat/JWTLessonIntegrationTest.java, line 73
   Info: The parse method does not validate the JWT signature. Consider using 'parseClaimsJws', 'parsePlaintextJws' instead.

 ✗ [LOW] Use of Hardcoded Credentials
   Path: src/test/java/org/owasp/webgoat/lessons/spoofcookie/SpoofCookieAssignmentTest.java, line 76
   Info: Do not hardcode credentials in code.

 ✗ [LOW] Use of Hardcoded Credentials
   Path: src/main/java/org/owasp/webgoat/lessons/jwt/JWTVotesEndpoint.java, line 160
   Info: Do not hardcode credentials in code.

 ✗ [LOW] Use of Hardcoded Credentials
   Path: src/main/java/org/owasp/webgoat/lessons/jwt/JWTRefreshEndpoint.java, line 79
   Info: Do not hardcode credentials in code.

 ✗ [LOW] Use of Hardcoded Credentials
   Path: src/main/java/org/owasp/webgoat/lessons/jwt/claimmisuse/JWTHeaderKIDEndpoint.java, line 68
   Info: Do not hardcode credentials in code.

 ✗ [LOW] Use of Hardcoded Credentials
   Path: src/main/java/org/owasp/webgoat/lessons/jwt/claimmisuse/JWTHeaderKIDEndpoint.java, line 110
   Info: Do not hardcode credentials in code.

 ✗ [LOW] Use of Hardcoded Credentials
   Path: src/main/java/org/owasp/webgoat/lessons/jwt/claimmisuse/JWTHeaderJKUEndpoint.java, line 38
   Info: Do not hardcode credentials in code.

 ✗ [LOW] Use of Hardcoded Credentials
   Path: src/main/java/org/owasp/webgoat/lessons/jwt/claimmisuse/JWTHeaderJKUEndpoint.java, line 59
   Info: Do not hardcode credentials in code.

 ✗ [LOW] Use of Hardcoded Credentials
   Path: src/main/java/org/owasp/webgoat/lessons/jwt/JWTSecretKeyEndpoint.java, line 57
   Info: Do not hardcode credentials in code.

 ✗ [LOW] Use of Hardcoded Credentials
   Path: src/main/java/org/owasp/webgoat/lessons/challenges/challenge1/Assignment1.java, line 59
   Info: Do not hardcode credentials in code.

 ✗ [LOW] Use of Hardcoded Credentials
   Path: src/main/java/org/owasp/webgoat/lessons/logging/LogBleedingTask.java, line 61
   Info: Do not hardcode credentials in code.

 ✗ [LOW] Use of Hardcoded Credentials
   Path: src/main/java/org/owasp/webgoat/lessons/insecurelogin/InsecureLoginTask.java, line 39
   Info: Do not hardcode credentials in code.

 ✗ [LOW] Use of Hardcoded Credentials
   Path: src/main/java/org/owasp/webgoat/lessons/challenges/challenge7/PasswordResetLink.java, line 15
   Info: Do not hardcode credentials in code.

 ✗ [LOW] Use of Hardcoded Credentials
   Path: src/test/java/org/owasp/webgoat/container/users/UserValidatorTest.java, line 49
   Info: Do not hardcode credentials in code.

 ✗ [LOW] Use of Hardcoded Credentials
   Path: src/test/java/org/owasp/webgoat/container/users/UserValidatorTest.java, line 36
   Info: Do not hardcode credentials in code.

 ✗ [LOW] Use of Hardcoded Credentials
   Path: src/test/java/org/owasp/webgoat/container/users/UserValidatorTest.java, line 24
   Info: Do not hardcode credentials in code.

 ✗ [LOW] Use of Hardcoded Credentials
   Path: src/test/java/org/owasp/webgoat/lessons/jwt/JWTRefreshEndpointTest.java, line 225
   Info: Do not hardcode credentials in code.

 ✗ [LOW] Use of Hardcoded Credentials
   Path: src/test/java/org/owasp/webgoat/lessons/jwt/JWTRefreshEndpointTest.java, line 196
   Info: Do not hardcode credentials in code.

 ✗ [LOW] Use of Hardcoded Credentials
   Path: src/test/java/org/owasp/webgoat/lessons/jwt/JWTVotesEndpointTest.java, line 243
   Info: Do not hardcode credentials in code.

 ✗ [LOW] Use of Hardcoded Credentials
   Path: src/test/java/org/owasp/webgoat/lessons/jwt/JWTVotesEndpointTest.java, line 225
   Info: Do not hardcode credentials in code.

 ✗ [LOW] Use of Hardcoded Credentials
   Path: src/test/java/org/owasp/webgoat/lessons/jwt/JWTSecretKeyEndpointTest.java, line 132
   Info: Do not hardcode credentials in code.

 ✗ [LOW] Use of Hardcoded Credentials
   Path: src/test/java/org/owasp/webgoat/lessons/jwt/JWTSecretKeyEndpointTest.java, line 91
   Info: Do not hardcode credentials in code.

 ✗ [LOW] Use of Hardcoded Credentials
   Path: src/test/java/org/owasp/webgoat/lessons/jwt/JWTSecretKeyEndpointTest.java, line 80
   Info: Do not hardcode credentials in code.

 ✗ [MEDIUM] Observable Timing Discrepancy (Timing Attack)
   Path: src/main/java/org/owasp/webgoat/lessons/csrf/ForgedReviews.java, line 110
   Info: An attacker can guess the secret value of weakAntiCSRF because it is compared using equals, which is vulnerable to timing attacks. Use java.security.MessageDigest.isEqual to compare values securely.

 ✗ [MEDIUM] Use of Hardcoded Credentials
   Path: src/main/java/org/owasp/webgoat/lessons/challenges/SolutionConstants.java, line 34
   Info: Do not hardcode passwords in code. Found hardcoded password used in here.

 ✗ [MEDIUM] Unprotected Storage of Credentials
   Path: src/main/java/org/owasp/webgoat/lessons/logging/LogBleedingTask.java, line 56
   Info: An attacker might be able to detect the value of the password due to the exposure of comparison timing. When the functions Arrays.equals() or String.equals() are called, they will exit earlier if fewer bytes are matched. Use password encoder such as BCrypt for comparing passwords.

 ✗ [MEDIUM] Cross-site Scripting (XSS)
   Path: src/main/resources/lessons/xxe/js/xxe.js, line 78
   Info: Unsanitized input from data from a remote resource flows into append, where it is used to dynamically construct the HTML page on client side. This may result in a DOM Based Cross-Site Scripting attack (DOMXSS).

 ✗ [MEDIUM] Cross-site Scripting (XSS)
   Path: src/main/resources/lessons/jwt/js/jwt-kid.js, line 6
   Info: Unsanitized input from data from a remote resource flows into append, where it is used to dynamically construct the HTML page on client side. This may result in a DOM Based Cross-Site Scripting attack (DOMXSS).

 ✗ [MEDIUM] Cross-site Scripting (XSS)
   Path: src/main/resources/lessons/jwt/js/jwt-jku.js, line 6
   Info: Unsanitized input from data from a remote resource flows into append, where it is used to dynamically construct the HTML page on client side. This may result in a DOM Based Cross-Site Scripting attack (DOMXSS).

 ✗ [MEDIUM] Cross-site Scripting (XSS)
   Path: src/main/resources/lessons/jwt/js/jwt-voting.js, line 63
   Info: Unsanitized input from data from a remote resource flows into append, where it is used to dynamically construct the HTML page on client side. This may result in a DOM Based Cross-Site Scripting attack (DOMXSS).

 ✗ [MEDIUM] Path Traversal
   Path: .mvn/wrapper/MavenWrapperDownloader.java, line 111
   Info: Unsanitized input from a command line argument flows into java.io.FileOutputStream, where it is used as a path. This may result in a Path Traversal vulnerability and allow an attacker to write to arbitrary files.

 ✗ [MEDIUM] Path Traversal
   Path: .mvn/wrapper/MavenWrapperDownloader.java, line 80
   Info: Unsanitized input from a command line argument flows into mkdirs, where it is used as a path. This may result in a Path Traversal vulnerability and allow an attacker to manipulate arbitrary files.

 ✗ [MEDIUM] Path Traversal
   Path: .mvn/wrapper/MavenWrapperDownloader.java, line 60
   Info: Unsanitized input from a command line argument flows into java.io.FileInputStream, where it is used as a path. This may result in a Path Traversal vulnerability and allow an attacker to read arbitrary files.

 ✗ [MEDIUM] Path Traversal
   Path: .mvn/wrapper/MavenWrapperDownloader.java, line 79
   Info: Unsanitized input from a command line argument flows into exists, where it is used as a path. This may result in a Path Traversal vulnerability and allow an attacker to bypass the logic of the application in the conditional expression.

 ✗ [MEDIUM] Path Traversal
   Path: .mvn/wrapper/MavenWrapperDownloader.java, line 57
   Info: Unsanitized input from a command line argument flows into exists, where it is used as a path. This may result in a Path Traversal vulnerability and allow an attacker to bypass the logic of the application in the conditional expression.

 ✗ [MEDIUM] Cross-site Scripting (XSS)
   Path: src/main/resources/lessons/csrf/js/csrf-review.js, line 41
   Info: Unsanitized input from data from a remote resource flows into append, where it is used to dynamically construct the HTML page on client side. This may result in a DOM Based Cross-Site Scripting attack (DOMXSS).

 ✗ [MEDIUM] Improper Neutralization of CRLF Sequences in HTTP Headers
   Path: src/main/java/org/owasp/webgoat/webwolf/jwt/JWTController.java, line 39
   Info: Unsanitized input from the HTTP request body flows into setHeader and reaches an HTTP header returned to the user. This may allow a malicious input that contain CR/LF to split the http response into two responses and the second response to be controlled by the attacker. This may be used to mount a range of attacks such as cross-site scripting or cache poisoning.

 ✗ [MEDIUM] Improper Neutralization of CRLF Sequences in HTTP Headers
   Path: src/main/java/org/owasp/webgoat/lessons/hijacksession/HijackSessionAssignment.java, line 94
   Info: Unsanitized input from an HTTP parameter flows into addCookie and reaches an HTTP header returned to the user. This may allow a malicious input that contain CR/LF to split the http response into two responses and the second response to be controlled by the attacker. This may be used to mount a range of attacks such as cross-site scripting or cache poisoning.

 ✗ [MEDIUM] Improper Neutralization of CRLF Sequences in HTTP Headers
   Path: src/main/java/org/owasp/webgoat/lessons/spoofcookie/SpoofCookieAssignment.java, line 102
   Info: Unsanitized input from an HTTP parameter flows into addCookie and reaches an HTTP header returned to the user. This may allow a malicious input that contain CR/LF to split the http response into two responses and the second response to be controlled by the attacker. This may be used to mount a range of attacks such as cross-site scripting or cache poisoning.

 ✗ [MEDIUM] Permissive Cross-domain Policy
   Path: src/main/resources/webgoat/static/js/libs/ace.js, line 1740
   Info: Setting targetOrigin to "*" in postMessage may enable malicious parties to intercept the message. Consider using an exact target origin instead.

 ✗ [MEDIUM] Cross-site Scripting (XSS)
   Path: src/main/resources/lessons/clientsidefiltering/js/clientSideFiltering.js, line 38
   Info: Unsanitized input from data from a remote resource flows into innerHTML, where it is used to dynamically construct the HTML page on client side. This may result in a DOM Based Cross-Site Scripting attack (DOMXSS).

 ✗ [MEDIUM] Cross-site Scripting (XSS)
   Path: src/main/resources/lessons/challenges/js/challenge8.js, line 52
   Info: Unsanitized input from data from a remote resource flows into html, where it is used to dynamically construct the HTML page on client side. This may result in a DOM Based Cross-Site Scripting attack (DOMXSS).

 ✗ [MEDIUM] Cross-site Scripting (XSS)
   Path: src/main/resources/lessons/challenges/js/challenge8.js, line 18
   Info: Unsanitized input from data from a remote resource flows into html, where it is used to dynamically construct the HTML page on client side. This may result in a DOM Based Cross-Site Scripting attack (DOMXSS).

 ✗ [MEDIUM] Cross-site Scripting (XSS)
   Path: src/main/resources/lessons/idor/js/idor.js, line 4
   Info: Unsanitized input from data from a remote resource flows into html, where it is used to dynamically construct the HTML page on client side. This may result in a DOM Based Cross-Site Scripting attack (DOMXSS).

 ✗ [MEDIUM] Cross-site Scripting (XSS)
   Path: src/main/resources/lessons/lessontemplate/js/idor.js, line 4
   Info: Unsanitized input from data from a remote resource flows into html, where it is used to dynamically construct the HTML page on client side. This may result in a DOM Based Cross-Site Scripting attack (DOMXSS).

 ✗ [MEDIUM] Observable Timing Discrepancy (Timing Attack)
   Path: src/main/java/org/owasp/webgoat/lessons/spoofcookie/SpoofCookieAssignment.java, line 97
   Info: An attacker can guess the secret value of password because it is compared using equals, which is vulnerable to timing attacks. Use java.security.MessageDigest.isEqual to compare values securely.

 ✗ [MEDIUM] Observable Timing Discrepancy (Timing Attack)
   Path: src/main/java/org/owasp/webgoat/lessons/challenges/challenge1/Assignment1.java, line 60
   Info: An attacker can guess the secret value of password because it is compared using equals, which is vulnerable to timing attacks. Use java.security.MessageDigest.isEqual to compare values securely.

 ✗ [MEDIUM] Observable Timing Discrepancy (Timing Attack)
   Path: src/main/java/org/owasp/webgoat/lessons/logging/LogBleedingTask.java, line 61
   Info: An attacker can guess the secret value of password because it is compared using equals, which is vulnerable to timing attacks. Use java.security.MessageDigest.isEqual to compare values securely.

 ✗ [MEDIUM] Observable Timing Discrepancy (Timing Attack)
   Path: src/main/java/org/owasp/webgoat/lessons/insecurelogin/InsecureLoginTask.java, line 39
   Info: An attacker can guess the secret value of password because it is compared using equals, which is vulnerable to timing attacks. Use java.security.MessageDigest.isEqual to compare values securely.

 ✗ [MEDIUM] Observable Timing Discrepancy (Timing Attack)
   Path: src/main/java/org/owasp/webgoat/lessons/sqlinjection/advanced/SqlInjectionLesson6b.java, line 52
   Info: An attacker can guess the secret value of password because it is compared using equals, which is vulnerable to timing attacks. Use java.security.MessageDigest.isEqual to compare values securely.

 ✗ [MEDIUM] Observable Timing Discrepancy (Timing Attack)
   Path: src/main/java/org/owasp/webgoat/lessons/passwordreset/SimpleMailAssignment.java, line 70
   Info: An attacker can guess the secret value of password because it is compared using equals, which is vulnerable to timing attacks. Use java.security.MessageDigest.isEqual to compare values securely.

 ✗ [MEDIUM] Observable Timing Discrepancy (Timing Attack)
   Path: src/main/java/org/owasp/webgoat/lessons/passwordreset/ResetLinkAssignment.java, line 95
   Info: An attacker can guess the secret value of password because it is compared using equals, which is vulnerable to timing attacks. Use java.security.MessageDigest.isEqual to compare values securely.

 ✗ [MEDIUM] Observable Timing Discrepancy (Timing Attack)
   Path: src/main/java/org/owasp/webgoat/lessons/idor/IDORLogin.java, line 72
   Info: An attacker can guess the secret value of password because it is compared using equals, which is vulnerable to timing attacks. Use java.security.MessageDigest.isEqual to compare values securely.

 ✗ [MEDIUM] Observable Timing Discrepancy (Timing Attack)
   Path: src/main/java/org/owasp/webgoat/lessons/webwolfintroduction/LandingAssignment.java, line 54
   Info: An attacker can guess the secret value of uniqueCode because it is compared using equals, which is vulnerable to timing attacks. Use java.security.MessageDigest.isEqual to compare values securely.

 ✗ [MEDIUM] Observable Timing Discrepancy (Timing Attack)
   Path: src/main/java/org/owasp/webgoat/lessons/webwolfintroduction/MailAssignment.java, line 92
   Info: An attacker can guess the secret value of uniqueCode because it is compared using equals, which is vulnerable to timing attacks. Use java.security.MessageDigest.isEqual to compare values securely.

 ✗ [MEDIUM] SQL Injection
   Path: src/main/java/org/owasp/webgoat/lessons/jwt/claimmisuse/JWTHeaderKIDEndpoint.java, line 91
   Info: Unsanitized input from unverified JWT claims flows into executeQuery, where it is used in an SQL query. This may result in an SQL Injection vulnerability.

 ✗ [MEDIUM] Observable Timing Discrepancy (Timing Attack)
   Path: src/main/java/org/owasp/webgoat/lessons/missingac/MissingFunctionACYourHashAdmin.java, line 65
   Info: An attacker can guess the secret value of getUserHash because it is compared using equals, which is vulnerable to timing attacks. Use java.security.MessageDigest.isEqual to compare values securely.

 ✗ [MEDIUM] Observable Timing Discrepancy (Timing Attack)
   Path: src/main/java/org/owasp/webgoat/lessons/missingac/MissingFunctionACYourHash.java, line 59
   Info: An attacker can guess the secret value of getUserHash because it is compared using equals, which is vulnerable to timing attacks. Use java.security.MessageDigest.isEqual to compare values securely.

 ✗ [MEDIUM] Cross-site Scripting (XSS)
   Path: src/main/resources/lessons/xss/js/stored-xss.js, line 40
   Info: Unsanitized input from data from a remote resource flows into append, where it is used to dynamically construct the HTML page on client side. This may result in a DOM Based Cross-Site Scripting attack (DOMXSS).

 ✗ [MEDIUM] Cross-site Scripting (XSS)
   Path: src/main/resources/lessons/sqlinjection/js/assignment13.js, line 57
   Info: Unsanitized input from data from a remote resource flows into append, where it is used to dynamically construct the HTML page on client side. This may result in a DOM Based Cross-Site Scripting attack (DOMXSS).

 ✗ [MEDIUM] Cross-site Scripting (XSS)
   Path: src/main/resources/webgoat/static/js/goatApp/support/GoatUtils.js, line 57
   Info: Unsanitized input from data from a remote resource flows into html, where it is used to dynamically construct the HTML page on client side. This may result in a DOM Based Cross-Site Scripting attack (DOMXSS).

 ✗ [MEDIUM] Use of Hardcoded Credentials
   Path: src/main/resources/lessons/jwt/js/jwt-refresh.js, line 10
   Info: Do not hardcode passwords in code. Found hardcoded password used in password.

 ✗ [MEDIUM] Use of Hardcoded Credentials
   Path: src/main/java/org/owasp/webgoat/lessons/cryptography/XOREncodingAssignment.java, line 43
   Info: Do not hardcode passwords in code. Found hardcoded password used in equals.

 ✗ [MEDIUM] Use of Hardcoded Credentials
   Path: src/main/java/org/owasp/webgoat/lessons/passwordreset/ResetLinkAssignment.java, line 93
   Info: Do not hardcode passwords in code. Found hardcoded password used in equals.

 ✗ [MEDIUM] Use of Hardcoded Credentials
   Path: src/main/java/org/owasp/webgoat/lessons/insecurelogin/InsecureLoginTask.java, line 39
   Info: Do not hardcode passwords in code. Found hardcoded password used in equals.

 ✗ [MEDIUM] Use of Hardcoded Credentials
   Path: src/main/java/org/owasp/webgoat/lessons/jwt/JWTRefreshEndpoint.java, line 79
   Info: Do not hardcode passwords in code. Found hardcoded password used in equals.

 ✗ [MEDIUM] Use of Hardcoded Credentials
   Path: src/main/java/org/owasp/webgoat/lessons/missingac/MissingFunctionAC.java, line 33
   Info: Do not hardcode passwords in code. Found hardcoded password used in here.

 ✗ [MEDIUM] Use of Hardcoded Credentials
   Path: src/main/java/org/owasp/webgoat/lessons/missingac/MissingFunctionAC.java, line 32
   Info: Do not hardcode passwords in code. Found hardcoded password used in here.

 ✗ [MEDIUM] Use of Hardcoded Credentials
   Path: src/main/java/org/owasp/webgoat/lessons/idor/IDORLogin.java, line 60
   Info: Do not hardcode passwords in code. Found hardcoded password used in here.

 ✗ [MEDIUM] Use of Hardcoded Credentials
   Path: src/main/java/org/owasp/webgoat/lessons/passwordreset/ResetLinkAssignment.java, line 67
   Info: Do not hardcode passwords in code. Found hardcoded password used in here.

 ✗ [MEDIUM] Use of Hardcoded Credentials
   Path: src/main/java/org/owasp/webgoat/lessons/jwt/JWTRefreshEndpoint.java, line 63
   Info: Do not hardcode passwords in code. Found hardcoded password used in here.

 ✗ [HIGH] Path Traversal
   Path: src/main/java/org/owasp/webgoat/lessons/pathtraversal/ProfileUploadRetrieval.java, line 113
   Info: Unsanitized input from an HTTP parameter flows into listFiles, where it is used as a path. This may result in a Path Traversal vulnerability and allow an attacker to manipulate arbitrary files.

 ✗ [HIGH] JWT Signature Verification Bypass
   Path: src/main/java/org/owasp/webgoat/lessons/jwt/JWTRefreshEndpoint.java, line 139
   Info: The parse method does not validate the JWT signature. Consider using 'parseClaimsJws', 'parsePlaintextJws' instead.

 ✗ [HIGH] Hardcoded Secret
   Path: src/main/java/org/owasp/webgoat/lessons/jwt/JWTSecretKeyEndpoint.java, line 64
   Info: Hardcoded value array {...} is used as a cipher key. Generate the value with a cryptographically strong random number generator such as java.security.SecureRandom instead.

 ✗ [HIGH] Hardcoded Secret
   Path: src/main/java/org/owasp/webgoat/lessons/jwt/JWTSecretKeyEndpoint.java, line 81
   Info: Hardcoded value array {...} is used as a cipher key. Generate the value with a cryptographically strong random number generator such as java.security.SecureRandom instead.

 ✗ [HIGH] Hardcoded Secret
   Path: src/main/java/org/owasp/webgoat/lessons/jwt/JWTVotesEndpoint.java, line 128
   Info: Hardcoded value string is used as a cipher key. Generate the value with a cryptographically strong random number generator such as java.security.SecureRandom instead.

 ✗ [HIGH] Hardcoded Secret
   Path: src/main/java/org/owasp/webgoat/lessons/jwt/JWTVotesEndpoint.java, line 157
   Info: Hardcoded value string is used as a cipher key. Generate the value with a cryptographically strong random number generator such as java.security.SecureRandom instead.

 ✗ [HIGH] Hardcoded Secret
   Path: src/main/java/org/owasp/webgoat/lessons/jwt/JWTVotesEndpoint.java, line 182
   Info: Hardcoded value string is used as a cipher key. Generate the value with a cryptographically strong random number generator such as java.security.SecureRandom instead.

 ✗ [HIGH] Hardcoded Secret
   Path: src/main/java/org/owasp/webgoat/lessons/jwt/JWTVotesEndpoint.java, line 205
   Info: Hardcoded value string is used as a cipher key. Generate the value with a cryptographically strong random number generator such as java.security.SecureRandom instead.

 ✗ [HIGH] Hardcoded Secret
   Path: src/main/java/org/owasp/webgoat/lessons/jwt/JWTRefreshEndpoint.java, line 88
   Info: Hardcoded value string is used as a cipher key. Generate the value with a cryptographically strong random number generator such as java.security.SecureRandom instead.

 ✗ [HIGH] Hardcoded Secret
   Path: src/main/java/org/owasp/webgoat/lessons/jwt/JWTRefreshEndpoint.java, line 109
   Info: Hardcoded value string is used as a cipher key. Generate the value with a cryptographically strong random number generator such as java.security.SecureRandom instead.

 ✗ [HIGH] Hardcoded Secret
   Path: src/main/java/org/owasp/webgoat/lessons/jwt/JWTRefreshEndpoint.java, line 139
   Info: Hardcoded value string is used as a cipher key. Generate the value with a cryptographically strong random number generator such as java.security.SecureRandom instead.

 ✗ [HIGH] Use of Hardcoded, Security-relevant Constants
   Path: src/main/java/org/owasp/webgoat/lessons/cryptography/HashingAssignment.java, line 46
   Info: Avoid hardcoding values that are meant to be secret. Found hardcoded secret.

 ✗ [HIGH] Use of Hardcoded, Security-relevant Constants
   Path: src/main/java/org/owasp/webgoat/lessons/cryptography/HashingAssignment.java, line 46
   Info: Avoid hardcoding values that are meant to be secret. Found hardcoded secret.

 ✗ [HIGH] Use of Hardcoded, Security-relevant Constants
   Path: src/main/java/org/owasp/webgoat/lessons/cryptography/HashingAssignment.java, line 46
   Info: Avoid hardcoding values that are meant to be secret. Found hardcoded secret.

 ✗ [HIGH] Use of Insufficiently Random Values
   Path: src/main/java/org/owasp/webgoat/lessons/cryptography/HashingAssignment.java, line 55
   Info: Insecure random data flows from nextInt and is used as a secret data. Generate the value with a cryptographically strong random number generator such as java.security.SecureRandom instead.

 ✗ [HIGH] Use of Hardcoded, Security-relevant Constants
   Path: src/main/java/org/owasp/webgoat/lessons/csrf/ForgedReviews.java, line 56
   Info: Avoid hardcoding values that are meant to be secret. Found hardcoded secret.

 ✗ [HIGH] Use of Hardcoded, Security-relevant Constants
   Path: src/main/java/org/owasp/webgoat/lessons/jwt/JWTSecretKeyEndpoint.java, line 53
   Info: Avoid hardcoding values that are meant to be secret. Found hardcoded secret.

 ✗ [HIGH] Use of Hardcoded, Security-relevant Constants
   Path: src/main/java/org/owasp/webgoat/lessons/jwt/JWTSecretKeyEndpoint.java, line 53
   Info: Avoid hardcoding values that are meant to be secret. Found hardcoded secret.

 ✗ [HIGH] Use of Hardcoded, Security-relevant Constants
   Path: src/main/java/org/owasp/webgoat/lessons/jwt/JWTSecretKeyEndpoint.java, line 53
   Info: Avoid hardcoding values that are meant to be secret. Found hardcoded secret.

 ✗ [HIGH] Use of Hardcoded, Security-relevant Constants
   Path: src/main/java/org/owasp/webgoat/lessons/jwt/JWTSecretKeyEndpoint.java, line 53
   Info: Avoid hardcoding values that are meant to be secret. Found hardcoded secret.

 ✗ [HIGH] Use of Hardcoded, Security-relevant Constants
   Path: src/main/java/org/owasp/webgoat/lessons/jwt/JWTSecretKeyEndpoint.java, line 53
   Info: Avoid hardcoding values that are meant to be secret. Found hardcoded secret.

 ✗ [HIGH] Use of Hardcoded, Security-relevant Constants
   Path: src/main/java/org/owasp/webgoat/lessons/jwt/JWTRefreshEndpoint.java, line 64
   Info: Avoid hardcoding values that are meant to be secret. Found hardcoded secret.

 ✗ [HIGH] Cross-Site Request Forgery (CSRF)
   Path: src/main/java/org/owasp/webgoat/webwolf/WebSecurityConfig.java, line 50
   Info: CSRF protection is disabled by csrf. This allows the attackers to execute requests on a user's behalf.

 ✗ [HIGH] Cross-Site Request Forgery (CSRF)
   Path: src/main/java/org/owasp/webgoat/container/WebSecurityConfig.java, line 58
   Info: CSRF protection is disabled by csrf. This allows the attackers to execute requests on a user's behalf.

 ✗ [HIGH] SQL Injection
   Path: src/main/java/org/owasp/webgoat/lessons/sqlinjection/introduction/SqlInjectionLesson5b.java, line 66
   Info: Unsanitized input from an HTTP parameter flows into prepareStatement, where it is used in an SQL query. This may result in an SQL Injection vulnerability.

 ✗ [HIGH] Path Traversal
   Path: src/main/java/org/owasp/webgoat/webwolf/FileServer.java, line 94
   Info: Unsanitized input from an HTTP parameter flows into java.nio.file.Files.deleteIfExists, where it is used as a path. This may result in a Path Traversal vulnerability and allow an attacker to delete arbitrary files.

 ✗ [HIGH] SQL Injection
   Path: src/main/java/org/owasp/webgoat/lessons/sqlinjection/introduction/SqlInjectionLesson8.java, line 160
   Info: Unsanitized input from an HTTP parameter flows into executeUpdate, where it is used in an SQL query. This may result in an SQL Injection vulnerability.

 ✗ [HIGH] SQL Injection
   Path: src/main/java/org/owasp/webgoat/lessons/sqlinjection/introduction/SqlInjectionLesson3.java, line 65
   Info: Unsanitized input from an HTTP parameter flows into executeUpdate, where it is used in an SQL query. This may result in an SQL Injection vulnerability.

 ✗ [HIGH] SQL Injection
   Path: src/main/java/org/owasp/webgoat/lessons/sqlinjection/introduction/SqlInjectionLesson4.java, line 64
   Info: Unsanitized input from an HTTP parameter flows into executeUpdate, where it is used in an SQL query. This may result in an SQL Injection vulnerability.

 ✗ [HIGH] XML External Entity (XXE) Injection
   Path: src/main/java/org/owasp/webgoat/lessons/xxe/BlindSendFileAssignment.java, line 101
   Info: Unsanitized input from the HTTP request body flows into createXMLStreamReader, which allows expansion of external entity references. This may result in a XXE attack leading to the disclosure of confidential data or denial of service.

 ✗ [HIGH] XML External Entity (XXE) Injection
   Path: src/main/java/org/owasp/webgoat/lessons/xxe/ContentTypeAssignment.java, line 78
   Info: Unsanitized input from the HTTP request body flows into createXMLStreamReader, which allows expansion of external entity references. This may result in a XXE attack leading to the disclosure of confidential data or denial of service.

 ✗ [HIGH] XML External Entity (XXE) Injection
   Path: src/main/java/org/owasp/webgoat/lessons/xxe/SimpleXXE.java, line 72
   Info: Unsanitized input from the HTTP request body flows into createXMLStreamReader, which allows expansion of external entity references. This may result in a XXE attack leading to the disclosure of confidential data or denial of service.

 ✗ [HIGH] Path Traversal
   Path: src/main/java/org/owasp/webgoat/lessons/pathtraversal/ProfileUploadRemoveUserInput.java, line 37
   Info: Unsanitized input from an HTTP parameter flows into createNewFile, where it is used as a path. This may result in a Path Traversal vulnerability and allow an attacker to manipulate arbitrary files.

 ✗ [HIGH] Path Traversal
   Path: src/main/java/org/owasp/webgoat/lessons/pathtraversal/ProfileUploadFix.java, line 39
   Info: Unsanitized input from an HTTP parameter flows into createNewFile, where it is used as a path. This may result in a Path Traversal vulnerability and allow an attacker to manipulate arbitrary files.

 ✗ [HIGH] Path Traversal
   Path: src/main/java/org/owasp/webgoat/lessons/pathtraversal/ProfileZipSlip.java, line 65
   Info: Unsanitized input from an HTTP parameter flows into listFiles, where it is used as a path. This may result in a Path Traversal vulnerability and allow an attacker to manipulate arbitrary files.

 ✗ [HIGH] Path Traversal
   Path: src/main/java/org/owasp/webgoat/lessons/pathtraversal/ProfileZipSlip.java, line 80
   Info: Unsanitized input from an HTTP parameter flows into listFiles, where it is used as a path. This may result in a Path Traversal vulnerability and allow an attacker to manipulate arbitrary files.

 ✗ [HIGH] Path Traversal
   Path: src/main/java/org/owasp/webgoat/lessons/pathtraversal/ProfileZipSlip.java, line 96
   Info: Unsanitized input from an HTTP parameter flows into listFiles, where it is used as a path. This may result in a Path Traversal vulnerability and allow an attacker to manipulate arbitrary files.

 ✗ [HIGH] Path Traversal
   Path: src/main/java/org/owasp/webgoat/lessons/pathtraversal/ProfileUploadFix.java, line 45
   Info: Unsanitized input from an HTTP parameter flows into listFiles, where it is used as a path. This may result in a Path Traversal vulnerability and allow an attacker to manipulate arbitrary files.

 ✗ [HIGH] Use of Insufficiently Random Values
   Path: src/main/java/org/owasp/webgoat/lessons/jwt/JWTSecretKeyEndpoint.java, line 64
   Info: Insecure random data flows from nextInt and is used as a cipher key. Generate the value with a cryptographically strong random number generator such as java.security.SecureRandom instead.

 ✗ [HIGH] Use of Hardcoded, Security-relevant Constants
   Path: src/main/java/org/owasp/webgoat/lessons/lessontemplate/SampleAttack.java, line 45
   Info: Avoid hardcoding values that are meant to be secret. Found hardcoded secret.

 ✗ [HIGH] SQL Injection
   Path: src/main/java/org/owasp/webgoat/lessons/sqlinjection/introduction/SqlInjectionLesson9.java, line 82
   Info: Unsanitized input from an HTTP parameter flows into executeUpdate, where it is used in an SQL query. This may result in an SQL Injection vulnerability.

 ✗ [HIGH] Path Traversal
   Path: src/main/java/org/owasp/webgoat/lessons/pathtraversal/ProfileZipSlip.java, line 77
   Info: Unsanitized input from an HTTP parameter flows into java.nio.file.Files.copy, where it is used as a path. This may result in a Path Traversal vulnerability and allow an attacker to write to arbitrary files.

 ✗ [HIGH] Path Traversal
   Path: src/main/java/org/owasp/webgoat/webwolf/FileServer.java, line 95
   Info: Unsanitized input from an HTTP parameter flows into java.nio.file.Files.copy, where it is used as a path. This may result in a Path Traversal vulnerability and allow an attacker to write to arbitrary files.

 ✗ [HIGH] Path Traversal
   Path: src/main/java/org/owasp/webgoat/lessons/pathtraversal/ProfileZipSlip.java, line 64
   Info: Unsanitized input from an HTTP parameter flows into exists, where it is used as a path. This may result in a Path Traversal vulnerability and allow an attacker to bypass the logic of the application in the conditional expression.

 ✗ [HIGH] Path Traversal
   Path: src/main/java/org/owasp/webgoat/lessons/pathtraversal/ProfileUploadRetrieval.java, line 104
   Info: Unsanitized input from an HTTP parameter flows into exists, where it is used as a path. This may result in a Path Traversal vulnerability and allow an attacker to bypass the logic of the application in the conditional expression.

 ✗ [HIGH] Path Traversal
   Path: src/main/java/org/owasp/webgoat/lessons/pathtraversal/ProfileZipSlip.java, line 69
   Info: Unsanitized input from an HTTP parameter flows into org.springframework.util.FileCopyUtils.copy, where it is used as a path. This may result in a Path Traversal vulnerability and allow an attacker to read arbitrary files.

 ✗ [HIGH] Path Traversal
   Path: src/main/java/org/owasp/webgoat/lessons/pathtraversal/ProfileUpload.java, line 39
   Info: Unsanitized input from an HTTP parameter flows into org.springframework.util.FileCopyUtils.copy, where it is used as a path. This may result in a Path Traversal vulnerability and allow an attacker to read arbitrary files.

 ✗ [HIGH] Path Traversal
   Path: src/main/java/org/owasp/webgoat/lessons/pathtraversal/ProfileZipSlip.java, line 71
   Info: Unsanitized input from an HTTP parameter flows into java.util.zip.ZipFile, where it is used as a path. This may result in a Path Traversal vulnerability and allow an attacker to write to arbitrary files.

 ✗ [HIGH] Path Traversal
   Path: src/main/java/org/owasp/webgoat/lessons/pathtraversal/ProfileUploadRetrieval.java, line 102
   Info: Unsanitized input from an HTTP parameter flows into org.springframework.util.FileCopyUtils.copyToByteArray, where it is used as a path. This may result in a Path Traversal vulnerability and allow an attacker to read arbitrary files.

 ✗ [HIGH] Path Traversal
   Path: src/main/java/org/owasp/webgoat/lessons/pathtraversal/ProfileUploadRetrieval.java, line 108
   Info: Unsanitized input from an HTTP parameter flows into org.springframework.util.FileCopyUtils.copyToByteArray, where it is used as a path. This may result in a Path Traversal vulnerability and allow an attacker to read arbitrary files.

 ✗ [HIGH] Path Traversal
   Path: src/main/java/org/owasp/webgoat/lessons/xxe/Ping.java, line 52
   Info: Unsanitized input from an HTTP parameter flows into java.io.PrintWriter, where it is used as a path. This may result in a Path Traversal vulnerability and allow an attacker to write to arbitrary files.

 ✗ [HIGH] SQL Injection
   Path: src/main/java/org/owasp/webgoat/lessons/sqlinjection/mitigation/Servers.java, line 72
   Info: Unsanitized input from an HTTP parameter flows into prepareStatement, where it is used in an SQL query. This may result in an SQL Injection vulnerability.

 ✗ [HIGH] SQL Injection
   Path: src/main/java/org/owasp/webgoat/lessons/challenges/challenge5/Assignment5.java, line 62
   Info: Unsanitized input from an HTTP parameter flows into prepareStatement, where it is used in an SQL query. This may result in an SQL Injection vulnerability.

 ✗ [HIGH] SQL Injection
   Path: src/main/java/org/owasp/webgoat/lessons/sqlinjection/introduction/SqlInjectionLesson9.java, line 83
   Info: Unsanitized input from an HTTP parameter flows into execute, where it is used in an SQL query. This may result in an SQL Injection vulnerability.

 ✗ [HIGH] Use of Insufficiently Random Values
   Path: src/main/java/org/owasp/webgoat/lessons/spoofcookie/encoders/EncDec.java, line 40
   Info: Insecure random data flows from org.apache.commons.lang3.RandomStringUtils.randomAlphabetic and is used as a secret data. Generate the value with a cryptographically strong random number generator such as java.security.SecureRandom instead.

 ✗ [HIGH] Use of Insufficiently Random Values
   Path: src/main/java/org/owasp/webgoat/lessons/jwt/JWTSecretKeyEndpoint.java, line 55
   Info: Insecure random data flows from nextInt and is used as a secret data. Generate the value with a cryptographically strong random number generator such as java.security.SecureRandom instead.

 ✗ [HIGH] SQL Injection
   Path: src/main/java/org/owasp/webgoat/lessons/sqlinjection/introduction/SqlInjectionLesson2.java, line 67
   Info: Unsanitized input from an HTTP parameter flows into executeQuery, where it is used in an SQL query. This may result in an SQL Injection vulnerability.

 ✗ [HIGH] SQL Injection
   Path: src/main/java/org/owasp/webgoat/lessons/sqlinjection/advanced/SqlInjectionChallenge.java, line 72
   Info: Unsanitized input from an HTTP parameter flows into executeQuery, where it is used in an SQL query. This may result in an SQL Injection vulnerability.

 ✗ [HIGH] SQL Injection
   Path: src/main/java/org/owasp/webgoat/lessons/sqlinjection/introduction/SqlInjectionLesson5a.java, line 70
   Info: Unsanitized input from an HTTP parameter flows into executeQuery, where it is used in an SQL query. This may result in an SQL Injection vulnerability.

 ✗ [HIGH] SQL Injection
   Path: src/main/java/org/owasp/webgoat/lessons/sqlinjection/mitigation/SqlOnlyInputValidationOnKeywords.java, line 59
   Info: Unsanitized input from an HTTP parameter flows into executeQuery, where it is used in an SQL query. This may result in an SQL Injection vulnerability.

 ✗ [HIGH] SQL Injection
   Path: src/main/java/org/owasp/webgoat/lessons/sqlinjection/advanced/SqlInjectionLesson6a.java, line 90
   Info: Unsanitized input from an HTTP parameter flows into executeQuery, where it is used in an SQL query. This may result in an SQL Injection vulnerability.

 ✗ [HIGH] SQL Injection
   Path: src/main/java/org/owasp/webgoat/lessons/sqlinjection/introduction/SqlInjectionLesson5.java, line 83
   Info: Unsanitized input from an HTTP parameter flows into executeQuery, where it is used in an SQL query. This may result in an SQL Injection vulnerability.

 ✗ [HIGH] SQL Injection
   Path: src/main/java/org/owasp/webgoat/lessons/sqlinjection/introduction/SqlInjectionLesson10.java, line 74
   Info: Unsanitized input from an HTTP parameter flows into executeQuery, where it is used in an SQL query. This may result in an SQL Injection vulnerability.

 ✗ [HIGH] SQL Injection
   Path: src/main/java/org/owasp/webgoat/lessons/sqlinjection/mitigation/SqlOnlyInputValidation.java, line 53
   Info: Unsanitized input from an HTTP parameter flows into executeQuery, where it is used in an SQL query. This may result in an SQL Injection vulnerability.

 ✗ [HIGH] Path Traversal
   Path: src/main/java/org/owasp/webgoat/lessons/pathtraversal/ProfileUpload.java, line 45
   Info: Unsanitized input from an HTTP parameter flows into listFiles, where it is used as a path. This may result in a Path Traversal vulnerability and allow an attacker to manipulate arbitrary files.

 ✗ [HIGH] JWT Signature Verification Bypass
   Path: src/main/java/org/owasp/webgoat/lessons/jwt/JWTRefreshEndpoint.java, line 109
   Info: The parse method does not validate the JWT signature. Consider using 'parseClaimsJws', 'parsePlaintextJws' instead.

 ✗ [HIGH] JWT Signature Verification Bypass
   Path: src/main/java/org/owasp/webgoat/lessons/jwt/JWTVotesEndpoint.java, line 205
   Info: The parse method does not validate the JWT signature. Consider using 'parseClaimsJws', 'parsePlaintextJws' instead.

 ✗ [HIGH] JWT Signature Verification Bypass
   Path: src/main/java/org/owasp/webgoat/lessons/jwt/JWTVotesEndpoint.java, line 182
   Info: The parse method does not validate the JWT signature. Consider using 'parseClaimsJws', 'parsePlaintextJws' instead.

 ✗ [HIGH] JWT Signature Verification Bypass
   Path: src/main/java/org/owasp/webgoat/lessons/jwt/JWTVotesEndpoint.java, line 157
   Info: The parse method does not validate the JWT signature. Consider using 'parseClaimsJws', 'parsePlaintextJws' instead.

 ✗ [HIGH] Use of Insufficiently Random Values
   Path: src/main/java/org/owasp/webgoat/lessons/jwt/JWTSecretKeyEndpoint.java, line 81
   Info: Insecure random data flows from nextInt and is used as a secret data. Generate the value with a cryptographically strong random number generator such as java.security.SecureRandom instead.

 ✗ [HIGH] Use of Insufficiently Random Values
   Path: src/main/java/org/owasp/webgoat/lessons/challenges/challenge1/ImageServlet.java, line 17
   Info: Insecure random data flows from nextInt and is used as a secret data. Generate the value with a cryptographically strong random number generator such as java.security.SecureRandom instead.

 ✗ [HIGH] Use of Insufficiently Random Values
   Path: src/main/java/org/owasp/webgoat/lessons/jwt/JWTSecretKeyEndpoint.java, line 81
   Info: Insecure random data flows from nextInt and is used as a cipher key. Generate the value with a cryptographically strong random number generator such as java.security.SecureRandom instead.

 ✗ [HIGH] Use of Hardcoded, Security-relevant Constants
   Path: src/main/java/org/owasp/webgoat/lessons/challenges/challenge7/Assignment7.java, line 36
   Info: Avoid hardcoding values that are meant to be secret. Found hardcoded secret.

 ✗ [HIGH] Use of Insufficiently Random Values
   Path: src/main/java/org/owasp/webgoat/lessons/cryptography/HashingAssignment.java, line 73
   Info: Insecure random data flows from nextInt and is used as a secret data. Generate the value with a cryptographically strong random number generator such as java.security.SecureRandom instead.

 ✗ [HIGH] Deserialization of Untrusted Data
   Path: src/main/java/org/owasp/webgoat/lessons/deserialization/InsecureDeserializationTask.java, line 61
   Info: Unsanitized input from an HTTP parameter flows into java.io.ObjectInputStream, where it is used to deserialize an object. This may result in an Unsafe Deserialization vulnerability.

 ✗ [HIGH] Deserialization of Untrusted Data
   Path: src/main/java/org/owasp/webgoat/lessons/vulnerablecomponents/VulnerableComponentsLesson.java, line 60
   Info: Unsanitized input from an HTTP parameter flows into fromXML, where it is used to deserialize an object. This may result in an Unsafe Deserialization vulnerability.

─────────────────────────────────────────────────────


2025-02-24T13:21:56Z main - > request [0x140011603c0]: GET https://api.snyk.io/rest/orgs/f8276bb7-71ce-4a33-90f4-d8bfdf46d5ef?version=2024-03-12
2025-02-24T13:21:56Z main - > request [0x140011603c0]: header: map[Authorization:[token ***] Session-Token:[token ***] Snyk-Interaction-Id:[urn:snyk:interaction:a851b7c6-222d-4538-894f-f38a9be271db] Snyk-Request-Id:[bc0ef58f-e397-41a0-8878-0de952adc477] User-Agent:[snyk-cli/1.1295.3 (darwin;arm64)] X-Snyk-Cli-Version:[1.1295.3]]
2025-02-24T13:21:56Z main - < response [0x140011603c0]: 200 OK
2025-02-24T13:21:56Z main - < response [0x140011603c0]: header: map[Akamai-Cache-Status:[Miss from child, Miss from parent] Akamai-Grn:[0.1fc2645f.1740403315.aa735bf] Content-Type:[application/vnd.api+json] Date:[Mon, 24 Feb 2025 13:21:56 GMT] Deprecation:[2024-10-15] Server:[envoy] Snyk-Request-Id:[bc0ef58f-e397-41a0-8878-0de952adc477] Snyk-Version-Lifecycle-Stage:[ga] Snyk-Version-Requested:[2024-03-12] Snyk-Version-Served:[2023-05-29] Strict-Transport-Security:[max-age=31536000; preload] Sunset:[2024-08-26] Vary:[Accept-Encoding] X-Content-Type-Options:[nosniff] X-Envoy-Upstream-Service-Time:[3] X-Frame-Options:[SAMEORIGIN]]
2025-02-24T13:21:56Z main - > request [0x140001a9400]: GET https://api.snyk.io/rest/orgs/f8276bb7-71ce-4a33-90f4-d8bfdf46d5ef?version=2024-03-12
2025-02-24T13:21:56Z main - > request [0x140001a9400]: header: map[Authorization:[token ***] Session-Token:[token ***] Snyk-Interaction-Id:[urn:snyk:interaction:a851b7c6-222d-4538-894f-f38a9be271db] Snyk-Request-Id:[e39d8a7c-afb0-465e-9201-6a38be662273] User-Agent:[snyk-cli/1.1295.3 (darwin;arm64)] X-Snyk-Cli-Version:[1.1295.3]]
2025-02-24T13:21:56Z main - < response [0x140001a9400]: 200 OK
2025-02-24T13:21:56Z main - < response [0x140001a9400]: header: map[Akamai-Cache-Status:[Miss from child, Miss from parent] Akamai-Grn:[0.1fc2645f.1740403316.aa735d2] Content-Type:[application/vnd.api+json] Date:[Mon, 24 Feb 2025 13:21:56 GMT] Deprecation:[2024-10-15] Server:[envoy] Snyk-Request-Id:[e39d8a7c-afb0-465e-9201-6a38be662273] Snyk-Version-Lifecycle-Stage:[ga] Snyk-Version-Requested:[2024-03-12] Snyk-Version-Served:[2023-05-29] Strict-Transport-Security:[max-age=31536000; preload] Sunset:[2024-08-26] Vary:[Accept-Encoding] X-Content-Type-Options:[nosniff] X-Envoy-Upstream-Service-Time:[2] X-Frame-Options:[SAMEORIGIN]]
╭───────────────────────────────────────────────────────────────────╮
│ Test Summary                                                      │
│                                                                   │
│   Organization:      consistent-ignores-nAfKyaP4AxZgKXUVuii9dn    │
│   Test type:         Static code analysis                         │
│   Project path:      /Users/kevinmatthews/git-projects/WebGoat    │
│                                                                   │
│   Total issues:   183                                             │
│   Ignored issues: 2 [ 1 HIGH  1 MEDIUM  0 LOW ]                   │
│   Open issues:    181 [ 76 HIGH  48 MEDIUM  57 LOW ]              │
╰───────────────────────────────────────────────────────────────────╯
    
💡 Tip

   To view ignored issues, use the --include-ignores option.
                                                            
2025-02-24T13:21:56Z output:4 - [default] Rendering done

2025-02-24T13:21:56Z output:4 - All Rendering done
2025-02-24T13:21:56Z output:4 - Workflow End
2025-02-24T13:21:56Z main - Deriving Exit Code 1 (cause: exit code: 1)
2025-02-24T13:21:56Z main - Sending Analytics
2025-02-24T13:21:56Z main - > request [0x14000563540]: POST https://api.snyk.io/v1/analytics/cli?org=f8276bb7-71ce-4a33-90f4-d8bfdf46d5ef
2025-02-24T13:21:56Z main - > request [0x14000563540]: header: map[Authorization:[token ***] Content-Type:[application/json; charset=utf-8] Session-Token:[token ***] Snyk-Interaction-Id:[urn:snyk:interaction:a851b7c6-222d-4538-894f-f38a9be271db] Snyk-Request-Id:[fcd1f0d8-a181-4392-94b1-42bbb4cad0fd] User-Agent:[snyk-cli/1.1295.3 (darwin;arm64)] X-Snyk-Cli-Version:[1.1295.3]]
2025-02-24T13:21:56Z main - < response [0x14000563540]: 200 OK
2025-02-24T13:21:56Z main - < response [0x14000563540]: header: map[Akamai-Cache-Status:[Miss from child, Miss from parent] Akamai-Grn:[0.1fc2645f.1740403316.aa735df] Content-Length:[11] Content-Security-Policy:[base-uri https://app.snyk.io; script-src 'self' 'nonce-1gtUDAqz9Ic3I+Rl6U0LKw==' 'unsafe-inline' 'unsafe-eval' 'strict-dynamic' 'report-sample'; img-src https: data:; object-src 'none'; frame-ancestors https://app.snyk.io https://learn.snyk.io https://login.snyk.io https://security.snyk.io; report-to csp-report-group; report-uri https://web-reports.snyk.io/csp?version=1d63bd64bb1b0405518d915b93d18f0876c7169f;] Content-Type:[application/json; charset=utf-8] Date:[Mon, 24 Feb 2025 13:21:56 GMT] Report-To:[{"group":"csp-report-group","max_age":1800,"endpoints":[{"url":"https://web-reports.snyk.io/csp?version=1d63bd64bb1b0405518d915b93d18f0876c7169f"}],"include_subdomains":true}] Snyk-Request-Id:[fcd1f0d8-a181-4392-94b1-42bbb4cad0fd] Strict-Transport-Security:[max-age=31536000; preload] Vary:[X-HTTP-Method-Override, Accept-Encoding] X-Content-Type-Options:[nosniff] X-Frame-Options:[SAMEORIGIN]]
2025-02-24T13:21:56Z main - Analytics successfully send
2025-02-24T13:21:56Z main - Sending Instrumentation
2025-02-24T13:21:56Z analytics.report:5 - Workflow Start
2025-02-24T13:21:56Z analytics.report:5 - adding command line input
2025-02-24T13:21:56Z analytics.report:5 - [0] Processing element
2025-02-24T13:21:56Z analytics.report:5 - [0] Schema Version: 2
2025-02-24T13:21:56Z analytics.report:5 - [0] Data: {"data":{"attributes":{"interaction":{"categories":["code","test","org","debug"],"errors":[],"extension":{"exitcode":1},"id":"urn:snyk:interaction:a851b7c6-222d-4538-894f-f38a9be271db","results":[{"count":57,"name":"low"},{"count":49,"name":"medium"},{"count":77,"name":"high"}],"stage":"dev","status":"success","target":{"id":"pkg:git/github.com/CSMonkee/WebGoat@a95213757d7c5219a0b725638c8bc5fdee925bbb?branch=main"},"timestamp_ms":1740403309297,"type":""},"runtime":{"application":{"name":"snyk-cli","version":"1.1295.3"},"performance":{"duration_ms":6905},"platform":{"arch":"arm64","os":"darwin"}}},"type":""}}
2025-02-24T13:21:56Z main - > request [0x1400091af00]: POST https://api.snyk.io/hidden/orgs/f8276bb7-71ce-4a33-90f4-d8bfdf46d5ef/analytics?version=2024-03-07~experimental
2025-02-24T13:21:56Z main - > request [0x1400091af00]: header: map[Authorization:[token ***] Content-Type:[application/json] Session-Token:[token ***] Snyk-Interaction-Id:[urn:snyk:interaction:a851b7c6-222d-4538-894f-f38a9be271db] Snyk-Request-Id:[97c5e134-69fd-4957-a088-a20edd21ae0f] User-Agent:[snyk-cli/1.1295.3 (darwin;arm64)] X-Snyk-Cli-Version:[1.1295.3]]
2025-02-24T13:21:56Z main - < response [0x1400091af00]: 201 Created
2025-02-24T13:21:56Z main - < response [0x1400091af00]: header: map[Akamai-Cache-Status:[Miss from child, Miss from parent] Akamai-Grn:[0.1fc2645f.1740403316.aa735f0] Content-Length:[2] Content-Type:[application/json] Date:[Mon, 24 Feb 2025 13:21:56 GMT] Deprecation:[2024-10-15] Server:[envoy] Snyk-Request-Id:[97c5e134-69fd-4957-a088-a20edd21ae0f] Snyk-Version-Lifecycle-Stage:[experimental] Snyk-Version-Requested:[2024-03-07~experimental] Snyk-Version-Served:[2024-03-07~experimental] Strict-Transport-Security:[max-age=31536000; preload] Sunset:[2024-04-06] X-Content-Type-Options:[nosniff] X-Envoy-Upstream-Service-Time:[1] X-Frame-Options:[SAMEORIGIN]]
2025-02-24T13:21:56Z analytics.report:5 - Workflow End
2025-02-24T13:21:56Z main - Instrumentation successfully sent
2025-02-24T13:21:56Z internal.cleanup:6 - Workflow Start
2025-02-24T13:21:56Z internal.cleanup:6 - Deleted temporary directory: /Users/kevinmatthews/Library/Caches/snyk/snyk-cli/1.1295.3/tmp/pid65733
2025-02-24T13:21:56Z internal.cleanup:6 - Workflow End
2025-02-24T13:21:56Z main - Exiting with 1
